2026-09-21 16:58:46 | INFO    | __main__:298 | Logging to C:\Users\MY-PC\ml_prediction\results\logs\pipeline_{time:YYYYMMDD_HHmmss}.log
2026-09-21 16:58:46 | INFO    | __main__:264 | 
##############################################################################
2026-09-21 16:58:46 | INFO    | __main__:265 | #  TABLE: v1  (feature_store_monthly)
2026-09-21 16:58:46 | INFO    | __main__:266 | ##############################################################################
2026-09-21 16:58:46 | INFO    | __main__:187 | Training ...
2026-09-21 16:58:47 | INFO    | src.train:563 | Data      : 6,300 rows, 150 entities, 42 months (2022-01 to 2025-06), 25 features
2026-09-21 16:58:47 | INFO    | src.train:564 | Split     : holdout: last 7m; cv: 5 expanding folds of 3m, min train 6m
2026-09-21 16:58:47 | INFO    | src.train:565 | Models    : persistence, three_month_average, ridge_change, xgboost_change
2026-09-21 16:58:47 | INFO    | src.train:574 | Features  : 25 columns, derived by exclusion (no `features` block; run src.features_selection to freeze a set)
2026-09-21 16:58:47 | INFO    | src.train:602 | Training  : 5,250 rows, 35 months, 2022-01..2024-11
2026-09-21 16:58:47 | INFO    | src.train:604 | Held out  : 1,050 rows from 2024-12 -- not read again in this script
2026-09-21 16:58:47 | INFO    | src.train:615 | 
--- Cross-validation (5 expanding folds inside the training region)
2026-09-21 16:58:53 | INFO    | src.train:635 | 
  Amounts: the balance itself (mean over folds, sorted by wape)
2026-09-21 16:58:53 | INFO    | src.train:637 |                        r2        mae       rmse   wape  wape_std  folds
model                                                                  
xgboost_change      0.664 11,503.407 60,625.489 21.920    12.098      5
persistence         0.660 11,463.608 60,824.183 21.939    11.691      5
ridge_change        0.644 12,730.408 61,810.756 24.782    13.775      5
three_month_average 0.634 13,936.381 62,470.242 26.038    16.276      5
2026-09-21 16:58:53 | INFO    | src.train:635 | 
  Movements: change from last month's balance (mean over folds, sorted by wape)
2026-09-21 16:58:53 | INFO    | src.train:637 |                         r2        mae       rmse    wape  wape_std  folds
model                                                                    
xgboost_change       0.021 11,503.407 60,625.489  98.969     2.436      5
persistence         -0.010 11,463.608 60,824.183 100.000     0.000      5
ridge_change        -0.007 12,730.408 61,810.756 113.319    10.598      5
three_month_average -0.063 13,936.381 62,470.242 115.002    15.765      5
2026-09-21 16:58:53 | INFO    | src.train:638 | 
  These are validation scores from inside the training region, for choosing between models.
  The headline comparison is `python -m src.test`, on months no model here has seen.
2026-09-21 16:58:53 | INFO    | src.train:645 | 
--- Fitting on the full training region
2026-09-21 16:58:53 | INFO    | src.train:651 |   persistence: fitted on 35 months through 2024-11
2026-09-21 16:58:53 | INFO    | src.train:653 |     25 features
2026-09-21 16:58:53 | INFO    | src.train:651 |   three_month_average: fitted on 35 months through 2024-11
2026-09-21 16:58:53 | INFO    | src.train:653 |     25 features
2026-09-21 16:58:53 | WARNING | src.models_code.ridge_reg:166 |   ridge_change: alpha settled on 1e+06, the top of the grid -- cross-validation wants every coefficient at zero, so this model is predicting the mean movement and nothing else. Widening the grid will not change that; it is a finding about the features, not about alpha.
2026-09-21 16:58:53 | INFO    | src.train:651 |   ridge_change: ridge alpha=1e+06, target=change, 25 features
2026-09-21 16:58:53 | INFO    | src.train:653 |     25 features
2026-09-21 16:58:54 | INFO    | src.train:651 |   xgboost_change: 300 trees, depth 4, lr 0.03, target=change, split on 25 of 25 features
2026-09-21 16:58:54 | INFO    | src.train:653 |     25 features
2026-09-21 16:58:54 | INFO    | src.train:667 | 
--- Tuning
2026-09-21 16:58:54 | INFO    | src.train:669 |   ridge_change: {'alpha': 1000000.0}
2026-09-21 16:58:54 | INFO    | src.train:685 | 
--- ridge_change: feature importance (abs_coefficient), top 12
2026-09-21 16:58:54 | INFO    | src.train:686 | prev_1m_closing_balance_usd            24.2516
roll3_mean_net_flow_usd                23.7578
roll3_mean_closing_balance_usd         21.1664
prev_2m_closing_balance_usd            18.9493
prev_3m_closing_balance_usd            17.9724
prev_1m_net_flow_usd                   17.8962
delta_prev_1m_2m_closing_balance_usd   15.0987
prev_1m_spend_cash_atm_usd              9.4518
days_in_month                           8.7124
prev_1m_distinct_merchants              5.7179
roll3_mean_total_credited_usd           5.0583
prev_1m_total_credited_usd              4.4794
2026-09-21 16:58:54 | INFO    | src.train:685 | 
--- xgboost_change: feature importance (gain), top 12
2026-09-21 16:58:54 | INFO    | src.train:686 | prev_1m_distinct_merchants      375,947,776.0000
prev_1m_txn_count               157,493,152.0000
roll3_mean_total_debited_usd    137,843,824.0000
roll3_mean_net_flow_usd         126,987,120.0000
days_in_month                   117,571,848.0000
prev_1m_total_debited_usd       103,734,864.0000
prev_1m_total_credited_usd       99,285,144.0000
prev_1m_total_spend_usd          92,206,200.0000
prev_1m_spend_groceries_usd      85,266,184.0000
prev_1m_closing_balance_usd      81,282,744.0000
roll3_std_closing_balance_usd    80,166,680.0000
month_of_year                    79,567,456.0000
2026-09-21 16:58:54 | INFO    | src.train:692 | 
--- Saved to C:\Users\MY-PC\ml_prediction\models_v1
2026-09-21 16:58:54 | INFO    | src.train:695 |   persistence.joblib
2026-09-21 16:58:54 | INFO    | src.train:695 |   three_month_average.joblib
2026-09-21 16:58:54 | INFO    | src.train:695 |   ridge_change.joblib
2026-09-21 16:58:54 | INFO    | src.train:695 |   xgboost_change.joblib
2026-09-21 16:58:54 | INFO    | src.train:700 | 
Now score them:  python -m src.test
2026-09-21 16:58:54 | INFO    | __main__:192 | Scoring ...
2026-09-21 16:58:55 | INFO    | src.test:244 | Data      : 6,300 rows, 150 entities, 42 months (2022-01 to 2025-06), 25 features
2026-09-21 16:58:55 | INFO    | src.test:245 | Models    : persistence, three_month_average, ridge_change, xgboost_change
2026-09-21 16:58:55 | INFO    | src.test:246 | Trained   : through 2024-11 (read from the saved models)
2026-09-21 16:58:55 | INFO    | src.test:247 | Scoring   : 1,050 rows over 2024-12..2025-06, 7 month(s) no model has seen
2026-09-21 16:58:56 | INFO    | src.test:278 | 
=== Amounts: the balance itself (sorted by wape)
2026-09-21 16:58:56 | INFO    | src.test:280 |                        r2        mae        rmse   wape
model                                                  
xgboost_change      0.981 21,669.375  55,575.974 15.042
persistence         0.981 21,903.384  56,066.356 15.205
ridge_change        0.980 21,963.109  56,191.194 15.246
three_month_average 0.900 35,747.467 126,931.371 24.815
2026-09-21 16:58:56 | INFO    | src.test:282 | 
=== Movements: change from last month's balance (sorted by wape)
2026-09-21 16:58:56 | INFO    | src.test:289 |                         r2        mae        rmse    wape
model                                                    
xgboost_change       0.007 21,669.375  55,575.974  98.932
persistence         -0.011 21,903.384  56,066.356 100.000
ridge_change        -0.015 21,963.109  56,191.194 100.273
three_month_average -4.180 35,747.467 126,931.371 163.205
2026-09-21 16:58:56 | INFO    | src.test:290 | 
  wape is a percentage. r2 below 0 on movements means worse than predicting no change.
  mae and rmse are the same dollar errors in both tables, less the rows with no previous month.
2026-09-21 16:58:56 | INFO    | src.test:296 | 
=== Per model
2026-09-21 16:58:56 | INFO    | src.test:298 | 
  xgboost_change on 2024-12..2025-06 (1,050 rows)
  RMSE        55,576 | MAE       21,669 | MedAE       5,196 | WAPE   15.0% | sMAPE   31.5% | R2 level  0.981 | R2 change   0.007 | skill +0.009
  bias +5,474 | p90 abs error 64,630 | worst month 2025-01 | top 10 users hold 68% of squared error
2026-09-21 16:58:56 | INFO    | src.test:298 | 
  persistence on 2024-12..2025-06 (1,050 rows)
  RMSE        56,066 | MAE       21,903 | MedAE       5,194 | WAPE   15.2% | sMAPE   31.2% | R2 level  0.981 | R2 change  -0.011
  bias +5,763 | p90 abs error 63,853 | worst month 2025-01 | top 10 users hold 68% of squared error
2026-09-21 16:58:56 | INFO    | src.test:298 | 
  ridge_change on 2024-12..2025-06 (1,050 rows)
  RMSE        56,191 | MAE       21,963 | MedAE       5,037 | WAPE   15.2% | sMAPE   31.8% | R2 level  0.980 | R2 change  -0.015 | skill -0.002
  bias +6,277 | p90 abs error 65,401 | worst month 2025-01 | top 10 users hold 68% of squared error
2026-09-21 16:58:56 | INFO    | src.test:298 | 
  three_month_average on 2024-12..2025-06 (1,050 rows)
  RMSE       126,931 | MAE       35,747 | MedAE       7,655 | WAPE   24.8% | sMAPE   40.8% | R2 level  0.900 | R2 change  -4.180 | skill -1.264
  bias +6,077 | p90 abs error 104,298 | worst month 2024-12 | top 10 users hold 89% of squared error
2026-09-21 16:58:56 | INFO    | src.test:304 | 
=== xgboost_change: months scored, worst first
2026-09-21 16:58:56 | INFO    | src.test:305 |          n_rows   rmse    mae  median_ae  wape
month                                         
2025-01     150 88,647 27,482      5,039    21
2025-04     150 58,049 24,066      5,509    16
2024-12     150 52,081 23,001      5,536    20
2025-02     150 50,305 21,026      5,339    15
2025-05     150 45,011 19,924      5,273    12
2025-03     150 40,845 19,067      4,827    13
2025-06     150 38,149 17,118      4,735    10
2026-09-21 16:58:56 | INFO    | src.test:315 | 
=== xgboost_change: by account-size tier
2026-09-21 16:58:56 | INFO    | src.test:316 |             n_rows     rmse      mae  median_ae  wape
tier                                                 
smb            525 46,318.9 18,182.1    3,886.3  11.2
mid            420 63,274.9 22,840.6    6,019.1  21.9
enterprise     105 64,380.4 34,420.7   10,975.9  16.4
2026-09-21 16:58:56 | INFO    | src.test:318 | 
=== xgboost_change: worst users
2026-09-21 16:58:56 | INFO    | src.test:319 |                                       n_rows    rmse     mae  median_ae  wape
user                                                                         
3cc7e7d7-9b84-566a-b0d0-1553262abc9b       7 302,313 142,137     32,095    33
cd1bf6a0-1a5d-51e3-a33c-b9ef796a60d5       7 250,415 213,628    161,776   137
6fd9fb8d-c081-5905-a451-5a54f4892d2a       7 154,608 144,472    125,240    97
08adac91-b0fb-5007-b6df-e6e7b17b5677       7 154,034 127,635    118,023    90
4af1beda-0c96-515a-98a7-adac9f7f930c       7 151,448 111,031     65,144    12
53e29029-ea4c-54d7-b389-767cea353d67       7 149,550 110,819     77,440    14
689c3322-ad2f-5fb9-8bbc-66d33e11824d       7 145,611  97,436     64,955    16
1311a116-c84e-533a-8935-94fa21504369       7 134,940 109,141     76,681    18
5cf790d2-112f-51af-aaed-dcb3f474b293       7 120,121  96,297     60,066    18
b26daa40-93ee-51c4-9717-b65932b692b8       7 118,700  85,595     40,030    11
2026-09-21 16:58:56 | INFO    | __main__:200 | 
==============================================================================
2026-09-21 16:58:56 | INFO    | __main__:201 |   TRAIN vs TEST
2026-09-21 16:58:56 | INFO    | __main__:202 | ==============================================================================
2026-09-21 16:58:56 | INFO    | __main__:203 |                      train_rmse   test_rmse  train_mae   test_mae   gap  test_wape  test_wape_change  test_r2_change  skill  skill_mae
model                                                                                                                                 
xgboost_change       64,711.831  55,575.974  7,461.485 21,669.375 2.904     15.042            98.932           0.007  0.009      0.011
persistence          64,916.889  56,066.356  8,223.532 21,903.384 2.664     15.205           100.000          -0.011    NaN      0.000
ridge_change         64,868.083  56,191.194  8,016.590 21,963.109 2.740     15.246           100.273          -0.015 -0.002     -0.003
three_month_average  66,046.856 126,931.371  9,814.659 35,747.467 3.642     24.815           163.205          -4.180 -1.264     -0.632
2026-09-21 16:58:56 | INFO    | __main__:204 | 
  train_*  scored on the rows each model was FITTED on. In-sample.
           Not a measure of quality -- only of how hard it fitted.
  test_*   scored on months no model has seen. This is the answer.
  gap      test_mae / train_mae. 1.0 is honest; 3x+ is memorisation.
           Over MAE rather than RMSE: RMSE here is set by a few very
           large accounts, and the RMSE ratio gave a constant
           predictor the same 0.81 as the booster.
  skill    versus the reference baseline, on RMSE. Positive means it
           earned its complexity; around zero means it did not.
  skill_mae  the same on MAE: 1 - test_mae / reference test_mae.
2026-09-21 16:58:56 | INFO    | __main__:264 | 
##############################################################################
2026-09-21 16:58:56 | INFO    | __main__:265 | #  TABLE: v2  (feature_store_monthly_v2)
2026-09-21 16:58:56 | INFO    | __main__:266 | ##############################################################################
2026-09-21 16:58:56 | INFO    | __main__:187 | Training ...
2026-09-21 16:58:57 | INFO    | src.train:563 | Data      : 6,300 rows, 150 entities, 42 months (2022-01 to 2025-06), 25 features
2026-09-21 16:58:57 | INFO    | src.train:564 | Split     : holdout: last 7m; cv: 5 expanding folds of 3m, min train 6m
2026-09-21 16:58:57 | INFO    | src.train:565 | Models    : persistence, three_month_average, ridge_change, xgboost_change
2026-09-21 16:58:57 | INFO    | src.train:574 | Features  : 25 columns, derived by exclusion (no `features` block; run src.features_selection to freeze a set)
2026-09-21 16:58:57 | INFO    | src.train:602 | Training  : 5,250 rows, 35 months, 2022-01..2024-11
2026-09-21 16:58:57 | INFO    | src.train:604 | Held out  : 1,050 rows from 2024-12 -- not read again in this script
2026-09-21 16:58:57 | INFO    | src.train:615 | 
--- Cross-validation (5 expanding folds inside the training region)
2026-09-21 16:58:59 | WARNING | src.models_code.ridge_reg:174 |   ridge_change: alpha settled on 0.01, the bottom of the grid -- the fit wants less penalty than it was offered. Widen DEFAULT_ALPHAS downward in mlr.py.
2026-09-21 16:59:03 | INFO    | src.train:635 | 
  Amounts: the balance itself (mean over folds, sorted by wape)
2026-09-21 16:59:03 | INFO    | src.train:637 |                        r2        mae       rmse   wape  wape_std  folds
model                                                                  
xgboost_change      0.664 11,485.096 60,620.970 21.894    12.037      5
persistence         0.660 11,463.608 60,824.183 21.939    11.691      5
ridge_change        0.658 12,510.037 61,088.642 24.320    12.135      5
three_month_average 0.634 13,936.381 62,470.242 26.038    16.276      5
2026-09-21 16:59:03 | INFO    | src.train:635 | 
  Movements: change from last month's balance (mean over folds, sorted by wape)
2026-09-21 16:59:03 | INFO    | src.train:637 |                         r2        mae       rmse    wape  wape_std  folds
model                                                                    
xgboost_change       0.019 11,485.096 60,620.970  98.958     2.200      5
persistence         -0.010 11,463.608 60,824.183 100.000     0.000      5
ridge_change         0.025 12,510.037 61,088.642 113.829    10.973      5
three_month_average -0.063 13,936.381 62,470.242 115.002    15.765      5
2026-09-21 16:59:03 | INFO    | src.train:638 | 
  These are validation scores from inside the training region, for choosing between models.
  The headline comparison is `python -m src.test`, on months no model here has seen.
2026-09-21 16:59:03 | INFO    | src.train:645 | 
--- Fitting on the full training region
2026-09-21 16:59:03 | INFO    | src.train:651 |   persistence: fitted on 35 months through 2024-11
2026-09-21 16:59:03 | INFO    | src.train:653 |     25 features
2026-09-21 16:59:03 | INFO    | src.train:651 |   three_month_average: fitted on 35 months through 2024-11
2026-09-21 16:59:03 | INFO    | src.train:653 |     25 features
2026-09-21 16:59:04 | INFO    | src.train:651 |   ridge_change: ridge alpha=1000, target=change, 25 features
2026-09-21 16:59:04 | INFO    | src.train:653 |     25 features
2026-09-21 16:59:05 | INFO    | src.train:651 |   xgboost_change: 300 trees, depth 4, lr 0.03, target=change, split on 25 of 25 features
2026-09-21 16:59:05 | INFO    | src.train:653 |     25 features
2026-09-21 16:59:05 | INFO    | src.train:667 | 
--- Tuning
2026-09-21 16:59:05 | INFO    | src.train:669 |   ridge_change: {'alpha': 1000.0}
2026-09-21 16:59:05 | INFO    | src.train:685 | 
--- ridge_change: feature importance (abs_coefficient), top 12
2026-09-21 16:59:05 | INFO    | src.train:686 | ratio_credited_to_debited     14,164.8074
growth_3                       3,896.5488
share_spend_retail             3,161.3007
share_spend_cash_atm           2,889.7605
ratio_net_flow_to_roll3        2,503.4958
avg_debit_per_txn              2,258.6612
prev_3m_closing_balance_usd    1,642.7796
spend_to_balance               1,572.8549
prev_1m_txn_count              1,547.7927
prev_2m_closing_balance_usd    1,463.2879
share_spend_transport          1,342.9475
month_cos                        872.2037
2026-09-21 16:59:05 | INFO    | src.train:685 | 
--- xgboost_change: feature importance (gain), top 12
2026-09-21 16:59:05 | INFO    | src.train:686 | prev_1m_distinct_merchants    366,366,208.0000
prev_1m_txn_count             131,841,296.0000
spend_to_balance              111,879,904.0000
month_cos                      88,962,064.0000
share_spend_groceries          88,684,000.0000
mom_growth_2_3                 88,532,400.0000
prev_1m_closing_balance_usd    87,602,712.0000
avg_debit_per_txn              84,241,600.0000
mom_growth_1_2                 81,633,752.0000
ratio_balance_to_roll3         78,886,608.0000
share_spend_transport          78,795,952.0000
prev_3m_closing_balance_usd    74,271,672.0000
2026-09-21 16:59:05 | INFO    | src.train:692 | 
--- Saved to C:\Users\MY-PC\ml_prediction\models_v2
2026-09-21 16:59:05 | INFO    | src.train:695 |   persistence.joblib
2026-09-21 16:59:05 | INFO    | src.train:695 |   three_month_average.joblib
2026-09-21 16:59:05 | INFO    | src.train:695 |   ridge_change.joblib
2026-09-21 16:59:05 | INFO    | src.train:695 |   xgboost_change.joblib
2026-09-21 16:59:05 | INFO    | src.train:700 | 
Now score them:  python -m src.test
2026-09-21 16:59:05 | INFO    | __main__:192 | Scoring ...
2026-09-21 16:59:05 | INFO    | src.test:244 | Data      : 6,300 rows, 150 entities, 42 months (2022-01 to 2025-06), 25 features
2026-09-21 16:59:05 | INFO    | src.test:245 | Models    : persistence, three_month_average, ridge_change, xgboost_change
2026-09-21 16:59:05 | INFO    | src.test:246 | Trained   : through 2024-11 (read from the saved models)
2026-09-21 16:59:05 | INFO    | src.test:247 | Scoring   : 1,050 rows over 2024-12..2025-06, 7 month(s) no model has seen
2026-09-21 16:59:06 | INFO    | src.test:278 | 
=== Amounts: the balance itself (sorted by wape)
2026-09-21 16:59:06 | INFO    | src.test:280 |                        r2        mae        rmse   wape
model                                                  
xgboost_change      0.981 21,710.449  55,645.290 15.071
persistence         0.981 21,903.384  56,066.356 15.205
three_month_average 0.900 35,747.467 126,931.371 24.815
ridge_change        0.938 38,566.851  99,819.222 26.772
2026-09-21 16:59:06 | INFO    | src.test:282 | 
=== Movements: change from last month's balance (sorted by wape)
2026-09-21 16:59:06 | INFO    | src.test:289 |                         r2        mae        rmse    wape
model                                                    
xgboost_change       0.004 21,710.449  55,645.290  99.119
persistence         -0.011 21,903.384  56,066.356 100.000
three_month_average -4.180 35,747.467 126,931.371 163.205
ridge_change        -2.204 38,566.851  99,819.222 176.077
2026-09-21 16:59:06 | INFO    | src.test:290 | 
  wape is a percentage. r2 below 0 on movements means worse than predicting no change.
  mae and rmse are the same dollar errors in both tables, less the rows with no previous month.
2026-09-21 16:59:06 | INFO    | src.test:296 | 
=== Per model
2026-09-21 16:59:06 | INFO    | src.test:298 | 
  xgboost_change on 2024-12..2025-06 (1,050 rows)
  RMSE        55,645 | MAE       21,710 | MedAE       5,145 | WAPE   15.1% | sMAPE   31.6% | R2 level  0.981 | R2 change   0.004 | skill +0.008
  bias +5,790 | p90 abs error 63,121 | worst month 2025-01 | top 10 users hold 68% of squared error
2026-09-21 16:59:06 | INFO    | src.test:298 | 
  persistence on 2024-12..2025-06 (1,050 rows)
  RMSE        56,066 | MAE       21,903 | MedAE       5,194 | WAPE   15.2% | sMAPE   31.2% | R2 level  0.981 | R2 change  -0.011
  bias +5,763 | p90 abs error 63,853 | worst month 2025-01 | top 10 users hold 68% of squared error
2026-09-21 16:59:06 | INFO    | src.test:298 | 
  three_month_average on 2024-12..2025-06 (1,050 rows)
  RMSE       126,931 | MAE       35,747 | MedAE       7,655 | WAPE   24.8% | sMAPE   40.8% | R2 level  0.900 | R2 change  -4.180 | skill -1.264
  bias +6,077 | p90 abs error 104,298 | worst month 2024-12 | top 10 users hold 89% of squared error
2026-09-21 16:59:06 | INFO    | src.test:298 | 
  ridge_change on 2024-12..2025-06 (1,050 rows)
  RMSE        99,819 | MAE       38,567 | MedAE      12,323 | WAPE   26.8% | sMAPE   55.2% | R2 level  0.938 | R2 change  -2.204 | skill -0.780
  bias +13,363 | p90 abs error 105,398 | worst month 2024-12 | top 10 users hold 78% of squared error
2026-09-21 16:59:06 | INFO    | src.test:304 | 
=== xgboost_change: months scored, worst first
2026-09-21 16:59:06 | INFO    | src.test:305 |          n_rows   rmse    mae  median_ae  wape
month                                         
2025-01     150 88,292 27,355      5,170    21
2025-04     150 58,441 24,161      5,091    16
2024-12     150 52,005 22,961      5,387    20
2025-02     150 50,581 21,075      5,404    15
2025-05     150 45,377 20,062      4,754    12
2025-03     150 41,026 19,227      5,145    13
2025-06     150 38,196 17,133      5,012    10
2026-09-21 16:59:06 | INFO    | src.test:315 | 
=== xgboost_change: by account-size tier
2026-09-21 16:59:06 | INFO    | src.test:316 |             n_rows     rmse      mae  median_ae  wape
tier                                                 
smb            525 46,468.0 18,208.4    3,911.0  11.2
mid            420 63,466.9 23,024.2    5,882.7  22.1
enterprise     105 63,681.9 33,965.6   11,234.1  16.2
2026-09-21 16:59:06 | INFO    | src.test:318 | 
=== xgboost_change: worst users
2026-09-21 16:59:06 | INFO    | src.test:319 |                                       n_rows    rmse     mae  median_ae  wape
user                                                                         
3cc7e7d7-9b84-566a-b0d0-1553262abc9b       7 302,629 144,586     37,621    34
cd1bf6a0-1a5d-51e3-a33c-b9ef796a60d5       7 250,624 215,970    165,626   138
6fd9fb8d-c081-5905-a451-5a54f4892d2a       7 153,977 142,652    124,023    96
08adac91-b0fb-5007-b6df-e6e7b17b5677       7 153,622 127,966    110,128    90
4af1beda-0c96-515a-98a7-adac9f7f930c       7 152,156 111,562     66,527    12
53e29029-ea4c-54d7-b389-767cea353d67       7 149,202 110,765     78,297    14
689c3322-ad2f-5fb9-8bbc-66d33e11824d       7 146,230  97,709     64,137    16
1311a116-c84e-533a-8935-94fa21504369       7 131,117 105,584     73,969    18
5cf790d2-112f-51af-aaed-dcb3f474b293       7 121,733  98,854     65,156    19
b26daa40-93ee-51c4-9717-b65932b692b8       7 119,080  86,202     41,452    11
2026-09-21 16:59:06 | INFO    | __main__:200 | 
==============================================================================
2026-09-21 16:59:06 | INFO    | __main__:201 |   TRAIN vs TEST
2026-09-21 16:59:06 | INFO    | __main__:202 | ==============================================================================
2026-09-21 16:59:06 | INFO    | __main__:203 |                      train_rmse   test_rmse  train_mae   test_mae   gap  test_wape  test_wape_change  test_r2_change  skill  skill_mae
model                                                                                                                                 
xgboost_change       64,699.430  55,645.290  7,483.745 21,710.449 2.901     15.071            99.119           0.004  0.008      0.009
persistence          64,916.889  56,066.356  8,223.532 21,903.384 2.664     15.205           100.000          -0.011    NaN      0.000
three_month_average  66,046.856 126,931.371  9,814.659 35,747.467 3.642     24.815           163.205          -4.180 -1.264     -0.632
ridge_change         62,525.816  99,819.222 12,223.537 38,566.851 3.155     26.772           176.077          -2.204 -0.780     -0.761
2026-09-21 16:59:06 | INFO    | __main__:204 | 
  train_*  scored on the rows each model was FITTED on. In-sample.
           Not a measure of quality -- only of how hard it fitted.
  test_*   scored on months no model has seen. This is the answer.
  gap      test_mae / train_mae. 1.0 is honest; 3x+ is memorisation.
           Over MAE rather than RMSE: RMSE here is set by a few very
           large accounts, and the RMSE ratio gave a constant
           predictor the same 0.81 as the booster.
  skill    versus the reference baseline, on RMSE. Positive means it
           earned its complexity; around zero means it did not.
  skill_mae  the same on MAE: 1 - test_mae / reference test_mae.
2026-09-21 16:59:06 | INFO    | __main__:277 | 
==============================================================================
2026-09-21 16:59:06 | INFO    | __main__:278 |   ACROSS TABLES
2026-09-21 16:59:06 | INFO    | __main__:279 | ==============================================================================
2026-09-21 16:59:06 | INFO    | __main__:280 |                             test_mae  test_wape  test_wape_change  test_r2_change   gap  skill  skill_mae
table model                                                                                              
v1    persistence         21,903.384     15.205           100.000          -0.011 2.664    NaN      0.000
      ridge_change        21,963.109     15.246           100.273          -0.015 2.740 -0.002     -0.003
      three_month_average 35,747.467     24.815           163.205          -4.180 3.642 -1.264     -0.632
      xgboost_change      21,669.375     15.042            98.932           0.007 2.904  0.009      0.011
v2    persistence         21,903.384     15.205           100.000          -0.011 2.664    NaN      0.000
      ridge_change        38,566.851     26.772           176.077          -2.204 3.155 -0.780     -0.761
      three_month_average 35,747.467     24.815           163.205          -4.180 3.642 -1.264     -0.632
      xgboost_change      21,710.449     15.071            99.119           0.004 2.901  0.008      0.009
2026-09-21 16:59:06 | INFO    | __main__:286 | 
  Compare DOWN a column within one table, not across tables: WAPE's
  denominator moves with any change to the panel. `skill` is the
  cross-table comparison, since it is a ratio against that table's
  own persistence.
