2026-09-21 16:59:48 | INFO    | __main__:298 | Logging to C:\Users\MY-PC\ml_prediction\results\logs\pipeline_{time:YYYYMMDD_HHmmss}.log
2026-09-21 16:59:48 | INFO    | __main__:264 | 
##############################################################################
2026-09-21 16:59:48 | INFO    | __main__:265 | #  TABLE: v1  (feature_store_monthly)
2026-09-21 16:59:48 | INFO    | __main__:266 | ##############################################################################
2026-09-21 16:59:48 | INFO    | __main__:187 | Training ...
2026-09-21 16:59:49 | INFO    | src.train:563 | Data      : 6,300 rows, 150 entities, 42 months (2022-01 to 2025-06), 25 features
2026-09-21 16:59:49 | INFO    | src.train:564 | Split     : holdout: last 7m; cv: 5 expanding folds of 3m, min train 6m
2026-09-21 16:59:49 | INFO    | src.train:565 | Models    : persistence, three_month_average, ridge_change, xgboost_change
2026-09-21 16:59:49 | INFO    | src.train:574 | Features  : 25 columns, derived by exclusion (no `features` block; run src.features_selection to freeze a set)
2026-09-21 16:59:49 | INFO    | src.train:602 | Training  : 5,250 rows, 35 months, 2022-01..2024-11
2026-09-21 16:59:49 | INFO    | src.train:604 | Held out  : 1,050 rows from 2024-12 -- not read again in this script
2026-09-21 16:59:49 | INFO    | src.train:615 | 
--- Cross-validation (5 expanding folds inside the training region)
2026-09-21 16:59:54 | INFO    | src.train:635 | 
  Amounts: the balance itself (mean over folds, sorted by wape)
2026-09-21 16:59:54 | INFO    | src.train:637 |                        r2        mae       rmse   wape  wape_std  folds
model                                                                  
xgboost_change      0.664 11,499.902 60,612.267 21.904    12.086      5
persistence         0.660 11,463.608 60,824.183 21.939    11.691      5
ridge_change        0.644 12,730.408 61,810.756 24.782    13.775      5
three_month_average 0.634 13,936.381 62,470.242 26.038    16.276      5
2026-09-21 16:59:54 | INFO    | src.train:635 | 
  Movements: change from last month's balance (mean over folds, sorted by wape)
2026-09-21 16:59:54 | INFO    | src.train:637 |                         r2        mae       rmse    wape  wape_std  folds
model                                                                    
xgboost_change       0.022 11,499.902 60,612.267  98.929     2.393      5
persistence         -0.010 11,463.608 60,824.183 100.000     0.000      5
ridge_change        -0.007 12,730.408 61,810.756 113.319    10.598      5
three_month_average -0.063 13,936.381 62,470.242 115.002    15.765      5
2026-09-21 16:59:54 | INFO    | src.train:638 | 
  These are validation scores from inside the training region, for choosing between models.
  The headline comparison is `python -m src.test`, on months no model here has seen.
2026-09-21 16:59:54 | INFO    | src.train:645 | 
--- Fitting on the full training region
2026-09-21 16:59:54 | INFO    | src.train:651 |   persistence: fitted on 35 months through 2024-11
2026-09-21 16:59:54 | INFO    | src.train:653 |     25 features
2026-09-21 16:59:54 | INFO    | src.train:651 |   three_month_average: fitted on 35 months through 2024-11
2026-09-21 16:59:54 | INFO    | src.train:653 |     25 features
2026-09-21 16:59:54 | WARNING | src.models_code.ridge_reg:166 |   ridge_change: alpha settled on 1e+06, the top of the grid -- cross-validation wants every coefficient at zero, so this model is predicting the mean movement and nothing else. Widening the grid will not change that; it is a finding about the features, not about alpha.
2026-09-21 16:59:54 | INFO    | src.train:651 |   ridge_change: ridge alpha=1e+06, target=change, 25 features
2026-09-21 16:59:54 | INFO    | src.train:653 |     25 features
2026-09-21 16:59:55 | INFO    | src.train:651 |   xgboost_change: 300 trees, depth 4, lr 0.03, target=change, split on 18 of 18 features
2026-09-21 16:59:55 | INFO    | src.train:653 |     18 features, dropped ['prev_1m_spend_groceries_usd', 'prev_1m_spend_dining_usd', 'prev_1m_spend_retail_usd', 'prev_1m_spend_cash_atm_usd', 'prev_1m_spend_transport_usd', 'prev_1m_spend_bills_usd', 'prev_1m_spend_other_usd']
2026-09-21 16:59:55 | INFO    | src.train:667 | 
--- Tuning
2026-09-21 16:59:55 | INFO    | src.train:669 |   ridge_change: {'alpha': 1000000.0}
2026-09-21 16:59:55 | INFO    | src.train:685 | 
--- ridge_change: feature importance (abs_coefficient), top 12
2026-09-21 16:59:55 | INFO    | src.train:686 | prev_1m_closing_balance_usd            24.2516
roll3_mean_net_flow_usd                23.7578
roll3_mean_closing_balance_usd         21.1664
prev_2m_closing_balance_usd            18.9493
prev_3m_closing_balance_usd            17.9724
prev_1m_net_flow_usd                   17.8962
delta_prev_1m_2m_closing_balance_usd   15.0987
prev_1m_spend_cash_atm_usd              9.4518
days_in_month                           8.7124
prev_1m_distinct_merchants              5.7179
roll3_mean_total_credited_usd           5.0583
prev_1m_total_credited_usd              4.4794
2026-09-21 16:59:55 | INFO    | src.train:685 | 
--- xgboost_change: feature importance (gain), top 12
2026-09-21 16:59:55 | INFO    | src.train:686 | prev_1m_distinct_merchants      308,617,152.0000
roll3_mean_total_debited_usd    136,732,880.0000
prev_1m_txn_count               135,143,168.0000
roll3_mean_net_flow_usd         111,588,328.0000
days_in_month                    96,112,536.0000
prev_1m_total_debited_usd        91,128,736.0000
prev_1m_total_credited_usd       85,675,264.0000
roll3_mean_total_credited_usd    84,032,688.0000
prev_1m_total_spend_usd          83,550,416.0000
prev_1m_closing_balance_usd      79,725,352.0000
month_of_year                    79,575,144.0000
roll3_std_closing_balance_usd    77,376,064.0000
2026-09-21 16:59:55 | INFO    | src.train:692 | 
--- Saved to C:\Users\MY-PC\ml_prediction\models_v1
2026-09-21 16:59:55 | INFO    | src.train:695 |   persistence.joblib
2026-09-21 16:59:55 | INFO    | src.train:695 |   three_month_average.joblib
2026-09-21 16:59:55 | INFO    | src.train:695 |   ridge_change.joblib
2026-09-21 16:59:55 | INFO    | src.train:695 |   xgboost_change.joblib
2026-09-21 16:59:55 | INFO    | src.train:700 | 
Now score them:  python -m src.test
2026-09-21 16:59:55 | INFO    | __main__:192 | Scoring ...
2026-09-21 16:59:56 | INFO    | src.test:244 | Data      : 6,300 rows, 150 entities, 42 months (2022-01 to 2025-06), 25 features
2026-09-21 16:59:56 | INFO    | src.test:245 | Models    : persistence, three_month_average, ridge_change, xgboost_change
2026-09-21 16:59:56 | INFO    | src.test:246 | Trained   : through 2024-11 (read from the saved models)
2026-09-21 16:59:56 | INFO    | src.test:247 | Scoring   : 1,050 rows over 2024-12..2025-06, 7 month(s) no model has seen
2026-09-21 16:59:56 | INFO    | src.test:278 | 
=== Amounts: the balance itself (sorted by wape)
2026-09-21 16:59:56 | INFO    | src.test:280 |                        r2        mae        rmse   wape
model                                                  
xgboost_change      0.981 21,674.466  55,571.102 15.046
persistence         0.981 21,903.384  56,066.356 15.205
ridge_change        0.980 21,963.109  56,191.194 15.246
three_month_average 0.900 35,747.467 126,931.371 24.815
2026-09-21 16:59:56 | INFO    | src.test:282 | 
=== Movements: change from last month's balance (sorted by wape)
2026-09-21 16:59:56 | INFO    | src.test:289 |                         r2        mae        rmse    wape
model                                                    
xgboost_change       0.007 21,674.466  55,571.102  98.955
persistence         -0.011 21,903.384  56,066.356 100.000
ridge_change        -0.015 21,963.109  56,191.194 100.273
three_month_average -4.180 35,747.467 126,931.371 163.205
2026-09-21 16:59:56 | INFO    | src.test:290 | 
  wape is a percentage. r2 below 0 on movements means worse than predicting no change.
  mae and rmse are the same dollar errors in both tables, less the rows with no previous month.
2026-09-21 16:59:56 | INFO    | src.test:296 | 
=== Per model
2026-09-21 16:59:56 | INFO    | src.test:298 | 
  xgboost_change on 2024-12..2025-06 (1,050 rows)
  RMSE        55,571 | MAE       21,674 | MedAE       5,150 | WAPE   15.0% | sMAPE   31.5% | R2 level  0.981 | R2 change   0.007 | skill +0.009
  bias +5,498 | p90 abs error 65,206 | worst month 2025-01 | top 10 users hold 68% of squared error
2026-09-21 16:59:56 | INFO    | src.test:298 | 
  persistence on 2024-12..2025-06 (1,050 rows)
  RMSE        56,066 | MAE       21,903 | MedAE       5,194 | WAPE   15.2% | sMAPE   31.2% | R2 level  0.981 | R2 change  -0.011
  bias +5,763 | p90 abs error 63,853 | worst month 2025-01 | top 10 users hold 68% of squared error
2026-09-21 16:59:56 | INFO    | src.test:298 | 
  ridge_change on 2024-12..2025-06 (1,050 rows)
  RMSE        56,191 | MAE       21,963 | MedAE       5,037 | WAPE   15.2% | sMAPE   31.8% | R2 level  0.980 | R2 change  -0.015 | skill -0.002
  bias +6,277 | p90 abs error 65,401 | worst month 2025-01 | top 10 users hold 68% of squared error
2026-09-21 16:59:56 | INFO    | src.test:298 | 
  three_month_average on 2024-12..2025-06 (1,050 rows)
  RMSE       126,931 | MAE       35,747 | MedAE       7,655 | WAPE   24.8% | sMAPE   40.8% | R2 level  0.900 | R2 change  -4.180 | skill -1.264
  bias +6,077 | p90 abs error 104,298 | worst month 2024-12 | top 10 users hold 89% of squared error
2026-09-21 16:59:56 | INFO    | src.test:304 | 
=== xgboost_change: months scored, worst first
2026-09-21 16:59:56 | INFO    | src.test:305 |          n_rows   rmse    mae  median_ae  wape
month                                         
2025-01     150 88,668 27,488      4,897    21
2025-04     150 57,997 24,073      5,889    16
2024-12     150 52,176 23,022      5,392    20
2025-02     150 50,306 21,036      5,529    15
2025-05     150 44,903 19,969      5,284    12
2025-03     150 40,852 19,090      4,790    13
2025-06     150 38,120 17,044      4,521    10
2026-09-21 16:59:56 | INFO    | src.test:315 | 
=== xgboost_change: by account-size tier
2026-09-21 16:59:56 | INFO    | src.test:316 |             n_rows     rmse      mae  median_ae  wape
tier                                                 
smb            525 46,262.6 18,163.2    3,804.2  11.2
mid            420 63,300.9 22,864.3    6,036.6  21.9
enterprise     105 64,438.4 34,471.1   11,421.5  16.4
2026-09-21 16:59:56 | INFO    | src.test:318 | 
=== xgboost_change: worst users
2026-09-21 16:59:56 | INFO    | src.test:319 |                                       n_rows    rmse     mae  median_ae  wape
user                                                                         
3cc7e7d7-9b84-566a-b0d0-1553262abc9b       7 302,260 141,731     31,926    33
cd1bf6a0-1a5d-51e3-a33c-b9ef796a60d5       7 250,594 214,030    163,821   137
6fd9fb8d-c081-5905-a451-5a54f4892d2a       7 154,699 144,451    125,619    97
08adac91-b0fb-5007-b6df-e6e7b17b5677       7 154,349 128,149    119,182    90
53e29029-ea4c-54d7-b389-767cea353d67       7 150,807 111,324     76,782    14
4af1beda-0c96-515a-98a7-adac9f7f930c       7 150,688 110,196     66,179    12
689c3322-ad2f-5fb9-8bbc-66d33e11824d       7 145,453  97,255     67,814    16
1311a116-c84e-533a-8935-94fa21504369       7 134,635 108,860     76,177    18
5cf790d2-112f-51af-aaed-dcb3f474b293       7 119,393  95,772     59,137    18
b26daa40-93ee-51c4-9717-b65932b692b8       7 118,726  85,549     39,720    11
2026-09-21 16:59:57 | INFO    | __main__:200 | 
==============================================================================
2026-09-21 16:59:57 | INFO    | __main__:201 |   TRAIN vs TEST
2026-09-21 16:59:57 | INFO    | __main__:202 | ==============================================================================
2026-09-21 16:59:57 | INFO    | __main__:203 |                      train_rmse   test_rmse  train_mae   test_mae   gap  test_wape  test_wape_change  test_r2_change  skill  skill_mae
model                                                                                                                                 
xgboost_change       64,733.952  55,571.102  7,486.200 21,674.466 2.895     15.046            98.955           0.007  0.009      0.010
persistence          64,916.889  56,066.356  8,223.532 21,903.384 2.664     15.205           100.000          -0.011    NaN      0.000
ridge_change         64,868.083  56,191.194  8,016.590 21,963.109 2.740     15.246           100.273          -0.015 -0.002     -0.003
three_month_average  66,046.856 126,931.371  9,814.659 35,747.467 3.642     24.815           163.205          -4.180 -1.264     -0.632
2026-09-21 16:59:57 | INFO    | __main__:204 | 
  train_*  scored on the rows each model was FITTED on. In-sample.
           Not a measure of quality -- only of how hard it fitted.
  test_*   scored on months no model has seen. This is the answer.
  gap      test_mae / train_mae. 1.0 is honest; 3x+ is memorisation.
           Over MAE rather than RMSE: RMSE here is set by a few very
           large accounts, and the RMSE ratio gave a constant
           predictor the same 0.81 as the booster.
  skill    versus the reference baseline, on RMSE. Positive means it
           earned its complexity; around zero means it did not.
  skill_mae  the same on MAE: 1 - test_mae / reference test_mae.
2026-09-21 16:59:57 | INFO    | __main__:277 | 
==============================================================================
2026-09-21 16:59:57 | INFO    | __main__:278 |   ACROSS TABLES
2026-09-21 16:59:57 | INFO    | __main__:279 | ==============================================================================
2026-09-21 16:59:57 | INFO    | __main__:280 |                             test_mae  test_wape  test_wape_change  test_r2_change   gap  skill  skill_mae
table model                                                                                              
v1    persistence         21,903.384     15.205           100.000          -0.011 2.664    NaN      0.000
      ridge_change        21,963.109     15.246           100.273          -0.015 2.740 -0.002     -0.003
      three_month_average 35,747.467     24.815           163.205          -4.180 3.642 -1.264     -0.632
      xgboost_change      21,674.466     15.046            98.955           0.007 2.895  0.009      0.010
2026-09-21 16:59:57 | INFO    | __main__:286 | 
  Compare DOWN a column within one table, not across tables: WAPE's
  denominator moves with any change to the panel. `skill` is the
  cross-table comparison, since it is a ratio against that table's
  own persistence.
